// Jest Snapshot v1, https://goo.gl/fbAQLP

exports[`Pruebas en el TodoApp component Debe hacer match con el snapshot 1`] = `
{
  "asFragment": [Function],
  "baseElement": <body>
    <div>
      <h1>
        TodoApp: 
        2
        , 
        <small>
          pendientes: 
          1
        </small>
         
      </h1>
      <hr />
      <div
        class="row"
      >
        <div
          class="col-7"
        >
          <ul
            class="list-group"
          >
            <li
              class="list-group-item d-flex justify-content-between"
            >
              <span
                aria-label="span"
                class="align-self-center "
              >
                Todo #1
              </span>
              <button
                class="btn btn-danger"
              >
                Borrar
              </button>
            </li>
            <li
              class="list-group-item d-flex justify-content-between"
            >
              <span
                aria-label="span"
                class="align-self-center text-decoration-line-through"
              >
                Todo #2
              </span>
              <button
                class="btn btn-danger"
              >
                Borrar
              </button>
            </li>
          </ul>
        </div>
        <div
          class="col-5"
        >
          <h4>
            Agregar TODO
          </h4>
          <hr />
          <form>
            <input
              class="form-control"
              name="description"
              placeholder="¿Qué hay que hacer?"
              type="text"
              value=""
            />
            <button
              class="btn btn-outline-primary mt-1"
              type="submit"
            >
              Agregar
            </button>
          </form>
        </div>
      </div>
    </div>
  </body>,
  "container": <div>
    <h1>
      TodoApp: 
      2
      , 
      <small>
        pendientes: 
        1
      </small>
       
    </h1>
    <hr />
    <div
      class="row"
    >
      <div
        class="col-7"
      >
        <ul
          class="list-group"
        >
          <li
            class="list-group-item d-flex justify-content-between"
          >
            <span
              aria-label="span"
              class="align-self-center "
            >
              Todo #1
            </span>
            <button
              class="btn btn-danger"
            >
              Borrar
            </button>
          </li>
          <li
            class="list-group-item d-flex justify-content-between"
          >
            <span
              aria-label="span"
              class="align-self-center text-decoration-line-through"
            >
              Todo #2
            </span>
            <button
              class="btn btn-danger"
            >
              Borrar
            </button>
          </li>
        </ul>
      </div>
      <div
        class="col-5"
      >
        <h4>
          Agregar TODO
        </h4>
        <hr />
        <form>
          <input
            class="form-control"
            name="description"
            placeholder="¿Qué hay que hacer?"
            type="text"
            value=""
          />
          <button
            class="btn btn-outline-primary mt-1"
            type="submit"
          >
            Agregar
          </button>
        </form>
      </div>
    </div>
  </div>,
  "debug": [Function],
  "findAllByAltText": [Function],
  "findAllByDisplayValue": [Function],
  "findAllByLabelText": [Function],
  "findAllByPlaceholderText": [Function],
  "findAllByRole": [Function],
  "findAllByTestId": [Function],
  "findAllByText": [Function],
  "findAllByTitle": [Function],
  "findByAltText": [Function],
  "findByDisplayValue": [Function],
  "findByLabelText": [Function],
  "findByPlaceholderText": [Function],
  "findByRole": [Function],
  "findByTestId": [Function],
  "findByText": [Function],
  "findByTitle": [Function],
  "getAllByAltText": [Function],
  "getAllByDisplayValue": [Function],
  "getAllByLabelText": [Function],
  "getAllByPlaceholderText": [Function],
  "getAllByRole": [Function],
  "getAllByTestId": [Function],
  "getAllByText": [Function],
  "getAllByTitle": [Function],
  "getByAltText": [Function],
  "getByDisplayValue": [Function],
  "getByLabelText": [Function],
  "getByPlaceholderText": [Function],
  "getByRole": [Function],
  "getByTestId": [Function],
  "getByText": [Function],
  "getByTitle": [Function],
  "queryAllByAltText": [Function],
  "queryAllByDisplayValue": [Function],
  "queryAllByLabelText": [Function],
  "queryAllByPlaceholderText": [Function],
  "queryAllByRole": [Function],
  "queryAllByTestId": [Function],
  "queryAllByText": [Function],
  "queryAllByTitle": [Function],
  "queryByAltText": [Function],
  "queryByDisplayValue": [Function],
  "queryByLabelText": [Function],
  "queryByPlaceholderText": [Function],
  "queryByRole": [Function],
  "queryByTestId": [Function],
  "queryByText": [Function],
  "queryByTitle": [Function],
  "rerender": [Function],
  "unmount": [Function],
}
`;
