// Jest Snapshot v1, https://goo.gl/fbAQLP

exports[`Prueba de CounterApp Debe hacer match con el snapshot 1`] = `
<div>
  <h1>
    Counter App
  </h1>
  <h3>
    100
  </h3>
  <button>
    +1
  </button>
  <button>
    -1
  </button>
  <button
    aria-label="btn-reset"
  >
    Reset
  </button>
</div>
`;
