// Jest Snapshot v1, https://goo.gl/fbAQLP

exports[`Pruebas de componente FirstApp Debe hacer match con el snapshot 1`] = `
<div>
  <h1
    data-testid="test-title"
  >
    Hola, Soy Goku
  </h1>
  <p>
    No hay subtitulo
  </p>
  <p>
    No hay subtitulo
  </p>
  <p>
    Jesús Álvarez
  </p>
</div>
`;
