// Jest Snapshot v1, https://goo.gl/fbAQLP

exports[`Tests for GifItem Component Should match the snapshot 1`] = `
<div>
  <div
    class="card"
  >
    <img
      alt="Stranger things"
      src="https://one-punch.com/saitama.jpg"
    />
    <p>
      Stranger things
    </p>
  </div>
</div>
`;
